{
  "version": "1.5.50",
  "plugins_used": [
    {
      "name": "ArtifactoryDetector"
    },
    {
      "name": "AWSKeyDetector"
    },
    {
      "name": "AzureStorageKeyDetector"
    },
    {
      "name": "Base64HighEntropyString",
      "limit": 4.5
    },
    {
      "name": "BasicAuthDetector"
    },
    {
      "name": "CloudantDetector"
    },
    {
      "name": "DiscordBotTokenDetector"
    },
    {
      "name": "GitHubTokenDetector"
    },
    {
      "name": "GitLabTokenDetector"
    },
    {
      "name": "HexHighEntropyString",
      "limit": 3.0
    },
    {
      "name": "IbmCloudIamDetector"
    },
    {
      "name": "IbmCosHmacDetector"
    },
    {
      "name": "IPPublicDetector"
    },
    {
      "name": "JwtTokenDetector"
    },
    {
      "name": "KeywordDetector",
      "keyword_exclude": ""
    },
    {
      "name": "MailchimpDetector"
    },
    {
      "name": "NpmDetector"
    },
    {
      "name": "OpenAIDetector"
    },
    {
      "name": "PrivateKeyDetector"
    },
    {
      "name": "PypiTokenDetector"
    },
    {
      "name": "SendGridDetector"
    },
    {
      "name": "SlackDetector"
    },
    {
      "name": "SoftlayerDetector"
    },
    {
      "name": "SquareOAuthDetector"
    },
    {
      "name": "StripeDetector"
    },
    {
      "name": "TelegramBotTokenDetector"
    },
    {
      "name": "TwilioKeyDetector"
    }
  ],
  "filters_used": [
    {
      "path": "detect_secrets.filters.allowlist.is_line_allowlisted"
    },
    {
      "path": "detect_secrets.filters.common.is_ignored_due_to_verification_policies",
      "min_level": 2
    },
    {
      "path": "detect_secrets.filters.heuristic.is_indirect_reference"
    },
    {
      "path": "detect_secrets.filters.heuristic.is_likely_id_string"
    },
    {
      "path": "detect_secrets.filters.heuristic.is_lock_file"
    },
    {
      "path": "detect_secrets.filters.heuristic.is_not_alphanumeric_string"
    },
    {
      "path": "detect_secrets.filters.heuristic.is_potential_uuid"
    },
    {
      "path": "detect_secrets.filters.heuristic.is_prefixed_with_dollar_sign"
    },
    {
      "path": "detect_secrets.filters.heuristic.is_sequential_string"
    },
    {
      "path": "detect_secrets.filters.heuristic.is_swagger_file"
    },
    {
      "path": "detect_secrets.filters.heuristic.is_templated_secret"
    }
  ],
  "results": {
    "src\\vnc_remote_secure\\security\\token_signing.py": [
      {
        "type": "Secret Keyword",
        "filename": "src\\vnc_remote_secure\\security\\token_signing.py",
        "hashed_secret": "fcbdc4c271c889825d8338d2d8f10b6e5e95c171",
        "is_verified": false,
        "line_number": 22,
        "is_added": false,
        "is_removed": false
      },
      {
        "type": "Secret Keyword",
        "filename": "src\\vnc_remote_secure\\security\\token_signing.py",
        "hashed_secret": "3d01476289dfe66b9ee591bb9feed0c6ebade259",
        "is_verified": false,
        "line_number": 23,
        "is_added": false,
        "is_removed": false
      },
      {
        "type": "Secret Keyword",
        "filename": "src\\vnc_remote_secure\\security\\token_signing.py",
        "hashed_secret": "ddb2c93ebcf6098f6ccb08807ed66e02934248a5",
        "is_verified": false,
        "line_number": 24,
        "is_added": false,
        "is_removed": false
      }
    ],
    "src\\vnc_remote_secure\\third_party\\manifests\\novnc.json": [
      {
        "type": "Hex High Entropy String",
        "filename": "src\\vnc_remote_secure\\third_party\\manifests\\novnc.json",
        "hashed_secret": "f27511d7443c3f381ac0f1d8ee35090bd40c4ba8",
        "is_verified": false,
        "line_number": 15,
        "is_added": false,
        "is_removed": false
      }
    ],
    "src\\vnc_remote_secure\\third_party\\manifests\\tightvnc.json": [
      {
        "type": "Hex High Entropy String",
        "filename": "src\\vnc_remote_secure\\third_party\\manifests\\tightvnc.json",
        "hashed_secret": "c92827500daae9fe4fb53de85d30b46b844aacb2",
        "is_verified": false,
        "line_number": 14,
        "is_added": false,
        "is_removed": false
      }
    ],
    "src\\vnc_remote_secure\\third_party\\manifests\\ttyd.json": [
      {
        "type": "Hex High Entropy String",
        "filename": "src\\vnc_remote_secure\\third_party\\manifests\\ttyd.json",
        "hashed_secret": "b0fa0c0a6e4b5da243314bdffd791aa9b16b7f6a",
        "is_verified": false,
        "line_number": 14,
        "is_added": false,
        "is_removed": false
      }
    ],
    "src\\vnc_remote_secure\\third_party\\manifests\\ultravnc.json": [
      {
        "type": "Hex High Entropy String",
        "filename": "src\\vnc_remote_secure\\third_party\\manifests\\ultravnc.json",
        "hashed_secret": "d1266975b89297abf01bff7c946420d9fcb09cf1",
        "is_verified": false,
        "line_number": 15,
        "is_added": false,
        "is_removed": false
      }
    ],
    "tests\\security\\test_auth_integration.py": [
      {
        "type": "Secret Keyword",
        "filename": "tests\\security\\test_auth_integration.py",
        "hashed_secret": "a01d2f80acfe5d508701259c1fe105290f66bdfe",
        "is_verified": false,
        "line_number": 136,
        "is_added": false,
        "is_removed": false
      }
    ],
    "tests\\unit\\cli\\test_config_migrate.py": [
      {
        "type": "Base64 High Entropy String",
        "filename": "tests\\unit\\cli\\test_config_migrate.py",
        "hashed_secret": "4be43482d7f2d5a744995b42dfc1999272fa9549",
        "is_verified": false,
        "line_number": 30,
        "is_added": false,
        "is_removed": false
      },
      {
        "type": "Base64 High Entropy String",
        "filename": "tests\\unit\\cli\\test_config_migrate.py",
        "hashed_secret": "497d93c870740c46b9ea99f6e684de9e97a65172",
        "is_verified": false,
        "line_number": 34,
        "is_added": false,
        "is_removed": false
      }
    ],
    "tests\\unit\\cli\\test_secrets.py": [
      {
        "type": "Secret Keyword",
        "filename": "tests\\unit\\cli\\test_secrets.py",
        "hashed_secret": "d1844a0e656404494ef1b49f06911f3d49956e67",
        "is_verified": false,
        "line_number": 13,
        "is_added": false,
        "is_removed": false
      },
      {
        "type": "Secret Keyword",
        "filename": "tests\\unit\\cli\\test_secrets.py",
        "hashed_secret": "bd7af5c92da8e217aeb8dd0f1e998ac8e01dedf0",
        "is_verified": false,
        "line_number": 37,
        "is_added": false,
        "is_removed": false
      },
      {
        "type": "Secret Keyword",
        "filename": "tests\\unit\\cli\\test_secrets.py",
        "hashed_secret": "05f88ba044e2e3c463ee2ba1940f411a31b0656f",
        "is_verified": false,
        "line_number": 61,
        "is_added": false,
        "is_removed": false
      }
    ],
    "tests\\unit\\cli\\test_session_args.py": [
      {
        "type": "Secret Keyword",
        "filename": "tests\\unit\\cli\\test_session_args.py",
        "hashed_secret": "a943454aad2fa4875eb2162bc80a7a1d9239c949",
        "is_verified": false,
        "line_number": 90,
        "is_added": false,
        "is_removed": false
      }
    ],
    "tests\\unit\\core\\test_config.py": [
      {
        "type": "Secret Keyword",
        "filename": "tests\\unit\\core\\test_config.py",
        "hashed_secret": "3c655d377e55122f6be3f9f84b66d672bad21caf",
        "is_verified": false,
        "line_number": 176,
        "is_added": false,
        "is_removed": false
      },
      {
        "type": "Secret Keyword",
        "filename": "tests\\unit\\core\\test_config.py",
        "hashed_secret": "fa9beb99e4029ad5a6615399e7bbae21356086b3",
        "is_verified": false,
        "line_number": 190,
        "is_added": false,
        "is_removed": false
      }
    ],
    "tests\\unit\\core\\test_config_inspector.py": [
      {
        "type": "Secret Keyword",
        "filename": "tests\\unit\\core\\test_config_inspector.py",
        "hashed_secret": "2368de876a3d277ddd011b031c4523ac272d1d91",
        "is_verified": false,
        "line_number": 135,
        "is_added": false,
        "is_removed": false
      }
    ],
    "tests\\unit\\core\\test_doctor.py": [
      {
        "type": "Secret Keyword",
        "filename": "tests\\unit\\core\\test_doctor.py",
        "hashed_secret": "fa9beb99e4029ad5a6615399e7bbae21356086b3",
        "is_verified": false,
        "line_number": 70,
        "is_added": false,
        "is_removed": false
      }
    ],
    "tests\\unit\\platform\\test_windows_adapter_ini.py": [
      {
        "type": "Secret Keyword",
        "filename": "tests\\unit\\platform\\test_windows_adapter_ini.py",
        "hashed_secret": "801c34269f74ed383fc97de33604b8a905adb635",
        "is_verified": false,
        "line_number": 20,
        "is_added": false,
        "is_removed": false
      }
    ],
    "tests\\unit\\platform\\test_windows_vnc_adapter.py": [
      {
        "type": "Hex High Entropy String",
        "filename": "tests\\unit\\platform\\test_windows_vnc_adapter.py",
        "hashed_secret": "dfab4b82fb1bab0313d3deeb87cbe38ae19ed008",
        "is_verified": false,
        "line_number": 20,
        "is_added": false,
        "is_removed": false
      },
      {
        "type": "Hex High Entropy String",
        "filename": "tests\\unit\\platform\\test_windows_vnc_adapter.py",
        "hashed_secret": "bafc5853b01d496d70a9ad0e40b605ac3e82bcf8",
        "is_verified": false,
        "line_number": 70,
        "is_added": false,
        "is_removed": false
      }
    ],
    "tests\\unit\\security\\test_auth_gateway.py": [
      {
        "type": "Secret Keyword",
        "filename": "tests\\unit\\security\\test_auth_gateway.py",
        "hashed_secret": "79bead8e6d65862a00cffaa12ccde1189ec34d29",
        "is_verified": false,
        "line_number": 199,
        "is_added": false,
        "is_removed": false
      },
      {
        "type": "Secret Keyword",
        "filename": "tests\\unit\\security\\test_auth_gateway.py",
        "hashed_secret": "3c655d377e55122f6be3f9f84b66d672bad21caf",
        "is_verified": false,
        "line_number": 273,
        "is_added": false,
        "is_removed": false
      },
      {
        "type": "Secret Keyword",
        "filename": "tests\\unit\\security\\test_auth_gateway.py",
        "hashed_secret": "1ccbb7b61a6bb176831ac973b77bafff8312762e",
        "is_verified": false,
        "line_number": 462,
        "is_added": false,
        "is_removed": false
      },
      {
        "type": "Secret Keyword",
        "filename": "tests\\unit\\security\\test_auth_gateway.py",
        "hashed_secret": "1f1e0dea02a77d1eae6c823ae7f19fc4ee6230e2",
        "is_verified": false,
        "line_number": 479,
        "is_added": false,
        "is_removed": false
      },
      {
        "type": "Secret Keyword",
        "filename": "tests\\unit\\security\\test_auth_gateway.py",
        "hashed_secret": "be1c26f426b9bc8bab35b321b2efb0c2b91e84fb",
        "is_verified": false,
        "line_number": 489,
        "is_added": false,
        "is_removed": false
      }
    ],
    "tests\\unit\\security\\test_authentication.py": [
      {
        "type": "Secret Keyword",
        "filename": "tests\\unit\\security\\test_authentication.py",
        "hashed_secret": "5eb965dd8c804a3a2833ac61fe1d1f6b1960735a",
        "is_verified": false,
        "line_number": 108,
        "is_added": false,
        "is_removed": false
      },
      {
        "type": "Secret Keyword",
        "filename": "tests\\unit\\security\\test_authentication.py",
        "hashed_secret": "98aadb37083eddd855c27feccb15dc8c5b127fd0",
        "is_verified": false,
        "line_number": 109,
        "is_added": false,
        "is_removed": false
      }
    ],
    "tests\\unit\\security\\test_maintenance.py": [
      {
        "type": "Secret Keyword",
        "filename": "tests\\unit\\security\\test_maintenance.py",
        "hashed_secret": "79bead8e6d65862a00cffaa12ccde1189ec34d29",
        "is_verified": false,
        "line_number": 102,
        "is_added": false,
        "is_removed": false
      }
    ],
    "tests\\unit\\security\\test_posture.py": [
      {
        "type": "Secret Keyword",
        "filename": "tests\\unit\\security\\test_posture.py",
        "hashed_secret": "fa9beb99e4029ad5a6615399e7bbae21356086b3",
        "is_verified": false,
        "line_number": 53,
        "is_added": false,
        "is_removed": false
      }
    ],
    "tests\\unit\\security\\test_redaction.py": [
      {
        "type": "Secret Keyword",
        "filename": "tests\\unit\\security\\test_redaction.py",
        "hashed_secret": "a761ce3a45d97e41840a788495e85a70d1bb3815",
        "is_verified": false,
        "line_number": 45,
        "is_added": false,
        "is_removed": false
      },
      {
        "type": "Secret Keyword",
        "filename": "tests\\unit\\security\\test_redaction.py",
        "hashed_secret": "3be9f957f29f905f10f7b652cab1c95ba8a2c205",
        "is_verified": false,
        "line_number": 50,
        "is_added": false,
        "is_removed": false
      },
      {
        "type": "Secret Keyword",
        "filename": "tests\\unit\\security\\test_redaction.py",
        "hashed_secret": "e5e9fa1ba31ecd1ae84f75caaa474f3a663f05f4",
        "is_verified": false,
        "line_number": 57,
        "is_added": false,
        "is_removed": false
      },
      {
        "type": "Secret Keyword",
        "filename": "tests\\unit\\security\\test_redaction.py",
        "hashed_secret": "fef341f85d87439e7d91a2d465b9871ef66b5e98",
        "is_verified": false,
        "line_number": 135,
        "is_added": false,
        "is_removed": false
      },
      {
        "type": "Secret Keyword",
        "filename": "tests\\unit\\security\\test_redaction.py",
        "hashed_secret": "e175ea4ce0a553260a14bc5e922a935b40425c1e",
        "is_verified": false,
        "line_number": 143,
        "is_added": false,
        "is_removed": false
      }
    ],
    "tests\\unit\\services\\test_api_v1.py": [
      {
        "type": "Secret Keyword",
        "filename": "tests\\unit\\services\\test_api_v1.py",
        "hashed_secret": "40ce4379f5763c05b71c88f9a371809fdbce6a21",
        "is_verified": false,
        "line_number": 174,
        "is_added": false,
        "is_removed": false
      },
      {
        "type": "Secret Keyword",
        "filename": "tests\\unit\\services\\test_api_v1.py",
        "hashed_secret": "9f33a7c798af6fd6abb28049d9c1b3edfa2fd24a",
        "is_verified": false,
        "line_number": 473,
        "is_added": false,
        "is_removed": false
      },
      {
        "type": "Secret Keyword",
        "filename": "tests\\unit\\services\\test_api_v1.py",
        "hashed_secret": "07235a8030d5a88af6a6a75f86f3b44f0cfe926c",
        "is_verified": false,
        "line_number": 485,
        "is_added": false,
        "is_removed": false
      },
      {
        "type": "Secret Keyword",
        "filename": "tests\\unit\\services\\test_api_v1.py",
        "hashed_secret": "7c54becb2abf20b021ea10232aa3aa64692c078e",
        "is_verified": false,
        "line_number": 638,
        "is_added": false,
        "is_removed": false
      },
      {
        "type": "Secret Keyword",
        "filename": "tests\\unit\\services\\test_api_v1.py",
        "hashed_secret": "a4b48a81cdab1e1a5dd37907d6c85ca1c61ddc7c",
        "is_verified": false,
        "line_number": 643,
        "is_added": false,
        "is_removed": false
      },
      {
        "type": "Secret Keyword",
        "filename": "tests\\unit\\services\\test_api_v1.py",
        "hashed_secret": "d5b85455bd900828e42248c20b1ea223513b9c2b",
        "is_verified": false,
        "line_number": 802,
        "is_added": false,
        "is_removed": false
      },
      {
        "type": "Secret Keyword",
        "filename": "tests\\unit\\services\\test_api_v1.py",
        "hashed_secret": "1ded3053d0363079a4e681a3b700435d6d880290",
        "is_verified": false,
        "line_number": 819,
        "is_added": false,
        "is_removed": false
      },
      {
        "type": "Secret Keyword",
        "filename": "tests\\unit\\services\\test_api_v1.py",
        "hashed_secret": "5df3a673d724e8a1eb673a8baf623e183940804d",
        "is_verified": false,
        "line_number": 823,
        "is_added": false,
        "is_removed": false
      },
      {
        "type": "Secret Keyword",
        "filename": "tests\\unit\\services\\test_api_v1.py",
        "hashed_secret": "1e2143a7c893b532cb2ed07b1100532dced88a70",
        "is_verified": false,
        "line_number": 1270,
        "is_added": false,
        "is_removed": false
      }
    ],
    "tests\\unit\\services\\test_landing_handler.py": [
      {
        "type": "Secret Keyword",
        "filename": "tests\\unit\\services\\test_landing_handler.py",
        "hashed_secret": "9f33a7c798af6fd6abb28049d9c1b3edfa2fd24a",
        "is_verified": false,
        "line_number": 189,
        "is_added": false,
        "is_removed": false
      },
      {
        "type": "Secret Keyword",
        "filename": "tests\\unit\\services\\test_landing_handler.py",
        "hashed_secret": "4cc3d0160a3de2efffef6f67c22fde06b52fb3c5",
        "is_verified": false,
        "line_number": 302,
        "is_added": false,
        "is_removed": false
      }
    ],
    "tests\\unit\\services\\test_novnc_ws.py": [
      {
        "type": "Secret Keyword",
        "filename": "tests\\unit\\services\\test_novnc_ws.py",
        "hashed_secret": "d2aef3c1f370b50063a91f813ce0b6e1531cb9b6",
        "is_verified": false,
        "line_number": 31,
        "is_added": false,
        "is_removed": false
      }
    ],
    "tests\\unit\\services\\test_vnc.py": [
      {
        "type": "Secret Keyword",
        "filename": "tests\\unit\\services\\test_vnc.py",
        "hashed_secret": "e5e9fa1ba31ecd1ae84f75caaa474f3a663f05f4",
        "is_verified": false,
        "line_number": 102,
        "is_added": false,
        "is_removed": false
      }
    ]
  },
  "generated_at": "2026-09-25T07:41:15Z"
}
